[2025-09-19T01:34:58.747Z] ERROR: node:internal/modules/cjs/loader:1413
  throw err;
  ^

Error: Cannot find module '../src/services/cronWorkerService'
Require stack:
- /Volumes/BestDOC/REAL SCHEDULER/Telegram-Appointment-Scheduler/scripts/worker.js
    at Module._resolveFilename (node:internal/modules/cjs/loader:1410:15)
    at defaultResolveImpl (node:internal/modules/cjs/loader:1051:19)
    at resolveForCJSWithHooks (node:internal/modules/cjs/loader:1056:22)
    at Module._load (node:internal/modules/cjs/loader:1219:37)
    at TracingChannel.traceSync (node:diagnostics_channel:322:14)
    at wrapModuleLoad (node:internal/modules/cjs/loader:238:24)
    at Module.require (node:internal/modules/cjs/loader:1493:12)
    at require (node:internal/modules/helpers:152:16)
    at Object.<anonymous> (/Volumes/BestDOC/REAL SCHEDULER/Telegram-Appointment-Scheduler/scripts/worker.js:19:31)
    at Module._compile (node:internal/modules/cjs/loader:1738:14) {
  code: 'MODULE_NOT_FOUND',
  requireStack: [
    '/Volumes/BestDOC/REAL SCHEDULER/Telegram-Appointment-Scheduler/scripts/worker.js'
  ]
}

Node.js v24.6.0
[2025-09-19T01:35:03.777Z] ERROR: node:internal/modules/cjs/loader:1413
  throw err;
  ^

Error: Cannot find module '../src/services/cronWorkerService'
Require stack:
- /Volumes/BestDOC/REAL SCHEDULER/Telegram-Appointment-Scheduler/scripts/worker.js
    at Module._resolveFilename (node:internal/modules/cjs/loader:1410:15)
    at defaultResolveImpl (node:internal/modules/cjs/loader:1051:19)
    at resolveForCJSWithHooks (node:internal/modules/cjs/loader:1056:22)
    at Module._load (node:internal/modules/cjs/loader:1219:37)
    at TracingChannel.traceSync (node:diagnostics_channel:322:14)
    at wrapModuleLoad (node:internal/modules/cjs/loader:238:24)
    at Module.require (node:internal/modules/cjs/loader:1493:12)
    at require (node:internal/modules/helpers:152:16)
    at Object.<anonymous> (/Volumes/BestDOC/REAL SCHEDULER/Telegram-Appointment-Scheduler/scripts/worker.js:19:31)
    at Module._compile (node:internal/modules/cjs/loader:1738:14) {
  code: 'MODULE_NOT_FOUND',
  requireStack: [
    '/Volumes/BestDOC/REAL SCHEDULER/Telegram-Appointment-Scheduler/scripts/worker.js'
  ]
}

Node.js v24.6.0
[2025-09-19T01:35:08.808Z] ERROR: node:internal/modules/cjs/loader:1413
  throw err;
  ^

Error: Cannot find module '../src/services/cronWorkerService'
Require stack:
- /Volumes/BestDOC/REAL SCHEDULER/Telegram-Appointment-Scheduler/scripts/worker.js
    at Module._resolveFilename (node:internal/modules/cjs/loader:1410:15)
    at defaultResolveImpl (node:internal/modules/cjs/loader:1051:19)
    at resolveForCJSWithHooks (node:internal/modules/cjs/loader:1056:22)
    at Module._load (node:internal/modules/cjs/loader:1219:37)
    at TracingChannel.traceSync (node:diagnostics_channel:322:14)
    at wrapModuleLoad (node:internal/modules/cjs/loader:238:24)
    at Module.require (node:internal/modules/cjs/loader:1493:12)
    at require (node:internal/modules/helpers:152:16)
    at Object.<anonymous> (/Volumes/BestDOC/REAL SCHEDULER/Telegram-Appointment-Scheduler/scripts/worker.js:19:31)
    at Module._compile (node:internal/modules/cjs/loader:1738:14) {
  code: 'MODULE_NOT_FOUND',
  requireStack: [
    '/Volumes/BestDOC/REAL SCHEDULER/Telegram-Appointment-Scheduler/scripts/worker.js'
  ]
}

Node.js v24.6.0
[2025-09-19T01:35:13.855Z] ERROR: node:internal/modules/cjs/loader:1413
  throw err;
  ^

Error: Cannot find module '../src/services/cronWorkerService'
Require stack:
- /Volumes/BestDOC/REAL SCHEDULER/Telegram-Appointment-Scheduler/scripts/worker.js
    at Module._resolveFilename (node:internal/modules/cjs/loader:1410:15)
    at defaultResolveImpl (node:internal/modules/cjs/loader:1051:19)
    at resolveForCJSWithHooks (node:internal/modules/cjs/loader:1056:22)
    at Module._load (node:internal/modules/cjs/loader:1219:37)
    at TracingChannel.traceSync (node:diagnostics_channel:322:14)
    at wrapModuleLoad (node:internal/modules/cjs/loader:238:24)
    at Module.require (node:internal/modules/cjs/loader:1493:12)
    at require (node:internal/modules/helpers:152:16)
    at Object.<anonymous> (/Volumes/BestDOC/REAL SCHEDULER/Telegram-Appointment-Scheduler/scripts/worker.js:19:31)
    at Module._compile (node:internal/modules/cjs/loader:1738:14) {
  code: 'MODULE_NOT_FOUND',
  requireStack: [
    '/Volumes/BestDOC/REAL SCHEDULER/Telegram-Appointment-Scheduler/scripts/worker.js'
  ]
}

Node.js v24.6.0
[2025-09-19T01:35:18.886Z] ERROR: node:internal/modules/cjs/loader:1413
  throw err;
  ^

Error: Cannot find module '../src/services/cronWorkerService'
Require stack:
- /Volumes/BestDOC/REAL SCHEDULER/Telegram-Appointment-Scheduler/scripts/worker.js
    at Module._resolveFilename (node:internal/modules/cjs/loader:1410:15)
    at defaultResolveImpl (node:internal/modules/cjs/loader:1051:19)
    at resolveForCJSWithHooks (node:internal/modules/cjs/loader:1056:22)
    at Module._load (node:internal/modules/cjs/loader:1219:37)
    at TracingChannel.traceSync (node:diagnostics_channel:322:14)
    at wrapModuleLoad (node:internal/modules/cjs/loader:238:24)
    at Module.require (node:internal/modules/cjs/loader:1493:12)
    at require (node:internal/modules/helpers:152:16)
    at Object.<anonymous> (/Volumes/BestDOC/REAL SCHEDULER/Telegram-Appointment-Scheduler/scripts/worker.js:19:31)
    at Module._compile (node:internal/modules/cjs/loader:1738:14) {
  code: 'MODULE_NOT_FOUND',
  requireStack: [
    '/Volumes/BestDOC/REAL SCHEDULER/Telegram-Appointment-Scheduler/scripts/worker.js'
  ]
}

Node.js v24.6.0
[2025-09-19T01:35:23.916Z] ERROR: node:internal/modules/cjs/loader:1413
  throw err;
  ^

Error: Cannot find module '../src/services/cronWorkerService'
Require stack:
- /Volumes/BestDOC/REAL SCHEDULER/Telegram-Appointment-Scheduler/scripts/worker.js
    at Module._resolveFilename (node:internal/modules/cjs/loader:1410:15)
    at defaultResolveImpl (node:internal/modules/cjs/loader:1051:19)
    at resolveForCJSWithHooks (node:internal/modules/cjs/loader:1056:22)
    at Module._load (node:internal/modules/cjs/loader:1219:37)
    at TracingChannel.traceSync (node:diagnostics_channel:322:14)
    at wrapModuleLoad (node:internal/modules/cjs/loader:238:24)
    at Module.require (node:internal/modules/cjs/loader:1493:12)
    at require (node:internal/modules/helpers:152:16)
    at Object.<anonymous> (/Volumes/BestDOC/REAL SCHEDULER/Telegram-Appointment-Scheduler/scripts/worker.js:19:31)
    at Module._compile (node:internal/modules/cjs/loader:1738:14) {
  code: 'MODULE_NOT_FOUND',
  requireStack: [
    '/Volumes/BestDOC/REAL SCHEDULER/Telegram-Appointment-Scheduler/scripts/worker.js'
  ]
}

Node.js v24.6.0
[2025-09-19T01:37:40.411Z] ERROR: ❌ Failed to start cron worker service: TypeError: Cannot read properties of undefined (reading 'start')
    at main (/Volumes/BestDOC/REAL SCHEDULER/Telegram-Appointment-Scheduler/scripts/worker.js:39:29)
[2025-09-19T01:38:07.179Z] ERROR: ❌ Environment validation failed:
[2025-09-19T01:38:07.180Z] ERROR: Field errors: {
  NEXT_PUBLIC_SUPABASE_URL: [ 'Invalid input: expected string, received undefined' ],
  NEXT_PUBLIC_SUPABASE_ANON_KEY: [ 'Invalid input: expected string, received undefined' ],
  SUPABASE_SERVICE_ROLE_KEY: [ 'Invalid input: expected string, received undefined' ]
}
Form errors: []

💡 Suggestions:
  - Check that NEXT_PUBLIC_SUPABASE_URL is a valid URL
  - Verify NEXT_PUBLIC_SUPABASE_ANON_KEY is set correctly
  - Ensure SUPABASE_SERVICE_ROLE_KEY is configured (server-side only)
[2025-09-19T01:38:07.181Z] ERROR: /Volumes/BestDOC/REAL SCHEDULER/Telegram-Appointment-Scheduler/src/lib/env.ts:77
    throw new Error(`Environment validation failed: ${errors.formErrors.join(', ')}`);
          ^


Error: Environment validation failed: 
    at validateEnvironment (/Volumes/BestDOC/REAL SCHEDULER/Telegram-Appointment-Scheduler/src/lib/env.ts:77:11)
    at <anonymous> (/Volumes/BestDOC/REAL SCHEDULER/Telegram-Appointment-Scheduler/src/lib/env.ts:84:13)
    at Object.<anonymous> (/Volumes/BestDOC/REAL SCHEDULER/Telegram-Appointment-Scheduler/src/lib/env.ts:212:1)
    at Module._compile (node:internal/modules/cjs/loader:1738:14)
    at Object.transformer (/opt/homebrew/lib/node_modules/tsx/dist/register-D46fvsV_.cjs:3:1104)
    at Module.load (node:internal/modules/cjs/loader:1470:32)
    at Module._load (node:internal/modules/cjs/loader:1290:12)
    at TracingChannel.traceSync (node:diagnostics_channel:322:14)
    at wrapModuleLoad (node:internal/modules/cjs/loader:238:24)
    at Module.require (node:internal/modules/cjs/loader:1493:12)

Node.js v24.6.0
[2025-09-19T01:39:19.087Z] ERROR: ❌ Environment validation failed:
[2025-09-19T01:39:19.089Z] ERROR: Field errors: {
  NEXT_PUBLIC_SUPABASE_URL: [ 'Invalid input: expected string, received undefined' ],
  NEXT_PUBLIC_SUPABASE_ANON_KEY: [ 'Invalid input: expected string, received undefined' ],
  SUPABASE_SERVICE_ROLE_KEY: [ 'Invalid input: expected string, received undefined' ]
}
Form errors: []

💡 Suggestions:
  - Check that NEXT_PUBLIC_SUPABASE_URL is a valid URL
  - Verify NEXT_PUBLIC_SUPABASE_ANON_KEY is set correctly
  - Ensure SUPABASE_SERVICE_ROLE_KEY is configured (server-side only)
/Volumes/BestDOC/REAL SCHEDULER/Telegram-Appointment-Scheduler/src/lib/env.ts:77
    throw new Error(`Environment validation failed: ${errors.formErrors.join(', ')}`);
          ^


Error: Environment validation failed: 
    at validateEnvironment (/Volumes/BestDOC/REAL SCHEDULER/Telegram-Appointment-Scheduler/src/lib/env.ts:77:11)
    at <anonymous> (/Volumes/BestDOC/REAL SCHEDULER/Telegram-Appointment-Scheduler/src/lib/env.ts:84:13)
    at Object.<anonymous> (/Volumes/BestDOC/REAL SCHEDULER/Telegram-Appointment-Scheduler/src/lib/env.ts:212:1)
    at Module._compile (node:internal/modules/cjs/loader:1738:14)
    at Object.transformer (/opt/homebrew/lib/node_modules/tsx/dist/register-D46fvsV_.cjs:3:1104)
    at Module.load (node:internal/modules/cjs/loader:1470:32)
    at Module._load (node:internal/modules/cjs/loader:1290:12)
    at TracingChannel.traceSync (node:diagnostics_channel:322:14)
    at wrapModuleLoad (node:internal/modules/cjs/loader:238:24)
    at Module.require (node:internal/modules/cjs/loader:1493:12)

Node.js v24.6.0
